// Jest Snapshot v1, https://goo.gl/fbAQLP

exports[`<SidebarContent /> should render and match the snapshot 1`] = `
<div
  className="py-4 text-gray-500 dark:text-gray-200"
>
  <a
    className="ml-6 text-lg font-bold"
    href="/"
  >
    Brand Logo
  </a>
  <ul
    className="mt-6 text-theme-color"
  >
    <li
      className="relative px-6 py-3"
    >
      <NavLink
        activeClassName="text-theme-color"
        className="inline-flex items-center w-full text-sm font-semibold transition-colors duration-150 hover:text-green-200"
        exact={true}
        to="/home"
      >
        <Route
          exact={true}
          path="/home"
        >
          <span
            aria-hidden="true"
            className="absolute inset-y-0 left-0 w-1 bg-theme-color rounded-tr-lg rounded-br-lg"
          />
        </Route>
        <ForwardRef(SvgHome)
          aria-hidden="true"
          className="w-5 h-5"
        />
        <span
          className="ml-4"
        >
          Dashboard
        </span>
      </NavLink>
    </li>
    <li
      className="relative px-6 py-3"
    >
      <NavLink
        activeClassName="text-theme-color"
        className="inline-flex items-center w-full text-sm font-semibold transition-colors duration-150 hover:text-green-200"
        exact={true}
        to="/chat"
      >
        <Route
          exact={true}
          path="/chat"
        >
          <span
            aria-hidden="true"
            className="absolute inset-y-0 left-0 w-1 bg-theme-color rounded-tr-lg rounded-br-lg"
          />
        </Route>
        <ForwardRef(SvgHome)
          aria-hidden="true"
          className="w-5 h-5"
        />
        <span
          className="ml-4"
        >
          Non-Existence
        </span>
      </NavLink>
    </li>
  </ul>
</div>
`;
