// Jest Snapshot v1, https://goo.gl/fbAQLP

exports[`<App /> should render and match the snapshot 1`] = `
<BrowserRouter>
  <Switch>
    <Route
      component={[Function]}
      path="/"
    />
  </Switch>
</BrowserRouter>
`;
