// Jest Snapshot v1, https://goo.gl/fbAQLP

exports[`<TodoCard /> should render and match the snapshot 1`] = `
<React.Fragment>
  <h1
    className="text-6xl"
  >
    Heading 1
  </h1>
  <h2
    className="text-5xl"
  >
    Heading 1
  </h2>
  <h3
    className="text-4xl"
  >
    Heading 1
  </h3>
  <h4
    className="text-3xl"
  >
    Heading 1
  </h4>
  <h5
    className="text-2xl"
  >
    Heading 1
  </h5>
  <h6
    className=""
  >
    Heading 1
  </h6>
  <p>
    Lorem ipsum dolor sit amet consectetur adipisicing elit. Nihil velit esse unde repudiandae exercitationem impedit nostrum obcaecati blanditiis cupiditate eveniet quaerat ipsum a eaque doloremque aliquid, deleniti rem iste porro consequuntur possimus reiciendis beatae. Recusandae animi vero perferendis temporibus enim numquam sequi veniam cumque ea beatae laborum aut natus nostrum libero sint, eligendi quas sunt iure accusantium tempora explicabo? Fuga, necessitatibus aut. Optio, alias veniam. Minus cupiditate neque accusantium nisi magnam similique labore optio, id atque. Rem iste nesciunt soluta repellat deserunt sed tempore tenetur, delectus minus? Autem numquam modi esse quos. Illo nisi magni ut. Doloremque culpa voluptate officiis cumque magnam odit eaque? Voluptatum quibusdam, quae voluptatibus excepturi dolorem facere eius iste tenetur perferendis voluptates consequuntur! Eos iusto eius minus fugit iure est et! Iste ipsum ipsam error itaque molestias, vitae corporis autem velit voluptates excepturi quisquam ut delectus cum repudiandae corrupti quis quibusdam porro eos odio aperiam minima illum beatae iusto? Delectus eaque dolores esse deserunt recusandae suscipit quae odio provident minus enim quidem accusamus nihil repudiandae eligendi laudantium adipisci nostrum, quis ipsa architecto voluptatum pariatur nulla porro impedit! Dolorem nihil laudantium enim ullam inventore perspiciatis amet tenetur provident expedita earum fugiat porro libero a modi consequatur fugit dolorum ab, sequi at id facilis, voluptatibus similique commodi quia. Accusamus, ullam! Necessitatibus commodi optio aliquam hic unde! Iure dolorem laudantium id sequi tenetur quia inventore voluptate similique quos laboriosam deserunt, vel sit hic, rerum molestiae omnis perspiciatis repellat maiores aliquam mollitia laborum incidunt dicta modi. Explicabo laborum adipisci consequatur, mollitia quod exercitationem consequuntur delectus libero animi unde assumenda deleniti obcaecati? Vitae nam officia, enim molestiae eligendi voluptate quae quidem, eius temporibus tenetur porro ducimus voluptatibus ex laboriosam impedit omnis excepturi ratione minus recusandae eveniet mollitia distinctio. Officia quas voluptate cum pariatur accusamus. Pariatur earum obcaecati voluptatibus, distinctio cumque tenetur quo similique veniam quam ipsam quod quisquam dignissimos odit necessitatibus voluptatum beatae quibusdam eos voluptas a nam neque! Tenetur minus expedita nam ducimus dolorem esse ipsam fugit, voluptatum dolore praesentium similique dignissimos ullam asperiores dolorum perspiciatis eum dolores consequuntur modi sunt molestias at, quasi et a. Maxime sint nesciunt reiciendis, eveniet ipsum fugit ducimus ipsam unde facere alias temporibus totam excepturi, harum tempora qui, labore ad! Tenetur temporibus incidunt aliquam molestias a architecto, illo optio maiores impedit quas eaque blanditiis placeat aspernatur doloremque praesentium numquam nostrum voluptatibus! Commodi ipsam cum ex neque delectus quod sapiente, nemo hic eaque quam nisi ducimus nihil dolorem nam eligendi dolore! Quasi atque veritatis nisi doloribus tempore a minus temporibus aperiam dolorum ipsa, rerum facilis consequatur hic fugit ipsam eveniet omnis, culpa modi eius, exercitationem soluta ex provident voluptatum quis? Consequatur, pariatur! Commodi repudiandae consectetur veritatis, fugit mollitia alias consequuntur quaerat? Perspiciatis quisquam dolor quae doloremque quis suscipit officia tenetur fugit nobis vel nostrum quo a officiis, sed illum aliquam nam nesciunt. Expedita veniam alias eveniet molestias tenetur numquam deleniti, quibusdam rerum ab rem at soluta incidunt reiciendis architecto quos perspiciatis, labore eos adipisci nam recusandae. Nemo, nulla sint ex neque est molestias iste enim magnam? Voluptate quia, fugiat sapiente, expedita commodi officia debitis placeat soluta, perspiciatis magnam facere quae cupiditate tempora ut praesentium laboriosam ipsum vero sit! Iusto non nesciunt corporis necessitatibus repellendus quae voluptatem, doloribus doloremque error vitae ipsum. Ut maxime nisi rem mollitia impedit voluptatum repellat, molestiae ad, error aperiam enim nesciunt voluptate non assumenda dolor ea ducimus? Voluptatibus nostrum quod beatae atque, quae ducimus illo asperiores officia accusamus dolor impedit ipsam consequatur vel quis vitae libero iure necessitatibus ex. Asperiores, sunt nam incidunt iure libero error quaerat consequuntur suscipit assumenda eligendi ipsam sint impedit amet dicta quo aspernatur ratione? Veritatis, vel odio ratione facilis fugiat nihil iste mollitia nesciunt porro, quidem vitae fugit, labore reprehenderit alias ut ullam illo qui voluptates optio ipsum atque aliquid ab voluptatem. Aliquid deleniti, expedita voluptatibus aut ratione placeat atque suscipit, quisquam quas fugiat veniam? Vitae expedita impedit deserunt blanditiis? Ex voluptates provident neque id voluptatum, nihil harum, rem eligendi sequi earum ipsa possimus minus veniam voluptatibus? Iusto aspernatur quam quae ex tenetur ipsum voluptatum vero illo dolores corrupti molestiae maiores, commodi minus? Libero deleniti, est maxime debitis, fugit deserunt recusandae dolor necessitatibus explicabo aut molestiae repellat at doloremque provident ullam exercitationem blanditiis rem dolorem non ducimus, vitae enim ipsam ea corrupti. Reiciendis expedita, placeat ex earum repellat eaque eligendi provident nostrum illum, iure voluptatum! Ex voluptates culpa sunt molestias, qui autem. Fugiat omnis cum quibusdam temporibus natus in sunt blanditiis! Laboriosam, facere! Ab atque minima iure consectetur, id commodi? Laboriosam ad molestias reprehenderit a cumque sint saepe, maxime mollitia dolore quam in earum magni eum aut vel omnis temporibus itaque! Recusandae illum, cupiditate, magnam quod asperiores nisi quas provident, qui ipsam autem repellat! Reprehenderit eos, dicta aut necessitatibus voluptate eligendi itaque expedita in neque? Eligendi earum, illo ex magnam quis est? Facere laudantium recusandae provident pariatur odit dignissimos quia voluptatum repellendus accusamus eos nobis exercitationem repellat perspiciatis eum ad voluptatibus consectetur quos unde vitae, officiis maxime ratione, saepe quidem nisi. Doloribus facilis alias molestiae aut culpa, iusto esse quas incidunt sunt nisi quasi explicabo, omnis neque quibusdam voluptatem odit nulla? Illum assumenda quaerat facere! Quia, ab ut tempore debitis delectus, architecto dolor eaque libero eius quaerat impedit. Pariatur quae accusantium velit distinctio numquam laborum quibusdam ipsum. Pariatur ab ipsum reprehenderit dicta est, blanditiis possimus deserunt laboriosam placeat a, illo deleniti commodi expedita, cum et labore? Odit magnam aperiam, labore accusantium soluta et fugit maiores aut neque quos non? Rem illo totam deleniti exercitationem pariatur vel, aperiam, unde aut inventore adipisci repudiandae quos dicta minus voluptatum dolorem itaque fugit. Facere nulla, atque, tempora nobis amet ipsa eaque quia molestias odio fugiat molestiae officia officiis! Quas, minus consequuntur? Vero ullam sequi veniam, consequuntur quis voluptas laudantium eveniet quod repellat saepe aliquid, rerum, molestias totam repellendus omnis nihil ipsum quae quasi unde tempore hic a in optio. Dicta, iste placeat unde itaque deleniti eligendi eius quisquam, quis sapiente, numquam veritatis obcaecati consequatur incidunt at sed ab expedita neque. Accusamus nesciunt nisi iste quae, dicta dolores temporibus provident rerum.
  </p>
</React.Fragment>
`;
