// Jest Snapshot v1, https://goo.gl/fbAQLP

exports[`<LayoutContainer /> should render and match the snapshot 1`] = `
<div
  className="flex h-screen bg-gray-50 dark:bg-gray-900 text-gray-500 dark:text-gray-200
      }"
>
  <NavSidebar
    handleIsSidebarOpen={[Function]}
    isSidebarOpen={false}
  />
  <div
    className="flex flex-col flex-1 w-full"
  >
    <Header
      handleIsSidebarOpen={[Function]}
    />
    <Content>
      <React.Suspense
        fallback={<SuspenseLoader />}
      >
        <Switch>
          <Route
            component={[Function]}
            exact={true}
            path="/home"
          />
          <Route
            component={[Function]}
            exact={true}
            path="/404"
          />
          <Redirect
            exact={true}
            from="/"
            to="/home"
          />
          <Route
            component={[Function]}
          />
        </Switch>
      </React.Suspense>
    </Content>
  </div>
</div>
`;
