// Jest Snapshot v1, https://goo.gl/fbAQLP

exports[`<Content /> should render and match the snapshot 1`] = `
<main
  className="h-full overflow-y-auto"
>
  <div
    className="container grid px-6 mx-auto"
  >
    [Function]
  </div>
</main>
`;
